PS C:\Users\user> cd C:\Users\user\Desktop\git_challenge
PS C:\Users\user\Desktop\git_challenge> git init
Initialized empty Git repository in C:/Users/user/Desktop/git_challenge/.git/
PS C:\Users\user\Desktop\git_challenge> git add hello_world.txt
PS C:\Users\user\Desktop\git_challenge> git commit -m "hello_world.txtを追加"
[main (root-commit) 8657ede] hello_world.txt
を追加
 1 file changed, 1 insertion(+)
 create mode 100644 hello_world.txt
PS C:\Users\user\Desktop\git_challenge> git add hello_world.txt
PS C:\Users\user\Desktop\git_challenge> git commit -m "日本語訳を追記"
[main 717c280] 日本語訳を追記
 1 file changed, 2 insertions(+), 1 deletion(-)
PS C:\Users\user\Desktop\git_challenge> git log --oneline
717c280 (HEAD -> main) 日本語訳を追記
8657ede hello_world.txtを追加